kind: Scale
apiVersion: autoscaling/v1
metadata:
  name: kube-apiserver
  namespace: shoot--fb28d21f90--sharding
spec:
  replicas: 1
